// Jest Snapshot v1, https://goo.gl/fbAQLP

exports[`Tuplet Matches snapshot 1`] = `
.c1 {
  cursor: pointer;
  border: 1px solid rgb(228,230,237);
  color: rgb(39,50,55);
  padding-left: 8px;
  padding-right: 8px;
  display: -webkit-box;
  display: -webkit-flex;
  display: -ms-flexbox;
  display: flex;
  -webkit-align-items: center;
  -webkit-box-align: center;
  -ms-flex-align: center;
  align-items: center;
  -webkit-box-pack: center;
  -webkit-justify-content: center;
  -ms-flex-pack: center;
  justify-content: center;
  border-width: 2px;
  border-color: rgb(83,109,254);
  pointer-events: none;
  width: 50%;
}

.c1:first-of-type {
  border-top-left-radius: 4px;
  border-bottom-left-radius: 4px;
}

.c1:last-of-type {
  border-top-right-radius: 4px;
  border-bottom-right-radius: 4px;
}

.c2 {
  cursor: pointer;
  border: 1px solid rgb(228,230,237);
  color: rgb(133,136,149);
  padding-left: 8px;
  padding-right: 8px;
  display: -webkit-box;
  display: -webkit-flex;
  display: -ms-flexbox;
  display: flex;
  -webkit-align-items: center;
  -webkit-box-align: center;
  -ms-flex-align: center;
  align-items: center;
  -webkit-box-pack: center;
  -webkit-justify-content: center;
  -ms-flex-pack: center;
  justify-content: center;
  width: 50%;
}

.c2:first-of-type {
  border-top-left-radius: 4px;
  border-bottom-left-radius: 4px;
}

.c2:last-of-type {
  border-top-right-radius: 4px;
  border-bottom-right-radius: 4px;
}

.c0 {
  width: 100%;
  -webkit-align-items: stretch;
  -webkit-box-align: stretch;
  -ms-flex-align: stretch;
  align-items: stretch;
  min-height: 44px;
  display: -webkit-box;
  display: -webkit-flex;
  display: -ms-flexbox;
  display: flex;
}

<div>
  <div
    class="c0"
  >
    <button
      class="c1"
      type="button"
      width="0.5"
    >
      Left
    </button>
    <button
      class="c2"
      type="button"
      width="0.5"
    >
      Right
    </button>
  </div>
</div>
`;
