// Jest Snapshot v1, https://goo.gl/fbAQLP

exports[`Backdrop Should match snapshot 1`] = `
.c0 {
  position: fixed;
  top: 0;
  left: 0;
  right: 0;
  bottom: 0;
  background-color: rgba(40,50,56,0.4);
}

<div>
  <div
    class="c0"
  />
</div>
`;
